// Jest Snapshot v1, https://goo.gl/fbAQLP

exports[`Pruebas en <GiftExpertApp/> evaluar el snapshot 1`] = `
<div>
  <h1>
    Buscador de Imagenes
  </h1>
  <form
    aria-label="form"
  >
    <input
      placeholder="Buscar Imagenes"
      type="text"
      value=""
    />
  </form>
</div>
`;
